[30-Sep-2024 20:47:26 UTC] PHP Warning:  Attempt to read property "title" on null in C:\xampp\htdocs\alba\wp-includes\class-wp-customize-widgets.php on line 905
[30-Sep-2024 20:47:30 UTC] PHP Fatal error:  Uncaught ArgumentCountError: Too few arguments to function wp_get_attachment_image_src(), 0 passed in C:\xampp\htdocs\alba\wp-content\themes\alba_theme\header.php on line 20 and at least 1 expected in C:\xampp\htdocs\alba\wp-includes\media.php:968
Stack trace:
#0 C:\xampp\htdocs\alba\wp-content\themes\alba_theme\header.php(20): wp_get_attachment_image_src()
#1 C:\xampp\htdocs\alba\wp-includes\template.php(810): require_once('C:\\xampp\\htdocs...')
#2 C:\xampp\htdocs\alba\wp-includes\template.php(745): load_template('C:\\xampp\\htdocs...', true, Array)
#3 C:\xampp\htdocs\alba\wp-includes\general-template.php(48): locate_template(Array, true, true, Array)
#4 C:\xampp\htdocs\alba\wp-content\themes\alba_theme\index.php(1): get_header()
#5 C:\xampp\htdocs\alba\wp-includes\template-loader.php(106): include('C:\\xampp\\htdocs...')
#6 C:\xampp\htdocs\alba\wp-blog-header.php(19): require_once('C:\\xampp\\htdocs...')
#7 C:\xampp\htdocs\alba\index.php(18): require('C:\\xampp\\htdocs...')
#8 {main}
  thrown in C:\xampp\htdocs\alba\wp-includes\media.php on line 968
[04-Oct-2024 16:58:23 UTC] PHP Fatal error:  Uncaught ArgumentCountError: Too few arguments to function wp_get_attachment_image_src(), 0 passed in C:\xampp\htdocs\alba\wp-content\themes\alba_theme\header.php on line 20 and at least 1 expected in C:\xampp\htdocs\alba\wp-includes\media.php:968
Stack trace:
#0 C:\xampp\htdocs\alba\wp-content\themes\alba_theme\header.php(20): wp_get_attachment_image_src()
#1 C:\xampp\htdocs\alba\wp-includes\template.php(810): require_once('C:\\xampp\\htdocs...')
#2 C:\xampp\htdocs\alba\wp-includes\template.php(745): load_template('C:\\xampp\\htdocs...', true, Array)
#3 C:\xampp\htdocs\alba\wp-includes\general-template.php(48): locate_template(Array, true, true, Array)
#4 C:\xampp\htdocs\alba\wp-content\themes\alba_theme\index.php(1): get_header()
#5 C:\xampp\htdocs\alba\wp-includes\template-loader.php(106): include('C:\\xampp\\htdocs...')
#6 C:\xampp\htdocs\alba\wp-blog-header.php(19): require_once('C:\\xampp\\htdocs...')
#7 C:\xampp\htdocs\alba\index.php(18): require('C:\\xampp\\htdocs...')
#8 {main}
  thrown in C:\xampp\htdocs\alba\wp-includes\media.php on line 968
[04-Oct-2024 16:58:38 UTC] Automatic updates starting...
[04-Oct-2024 16:58:39 UTC] Automatic updates complete.
[04-Oct-2024 16:58:47 UTC] PHP Deprecated:  La fonction wp_update_https_detection_errors est <strong>obsolète</strong> depuis la version 6.4.0, aucune alternative n’est disponible. in C:\xampp\htdocs\alba\wp-includes\functions.php on line 6085
[04-Oct-2024 16:58:56 UTC] PHP Fatal error:  Uncaught ArgumentCountError: Too few arguments to function wp_get_attachment_image_src(), 0 passed in C:\xampp\htdocs\alba\wp-content\themes\alba_theme\header.php on line 20 and at least 1 expected in C:\xampp\htdocs\alba\wp-includes\media.php:968
Stack trace:
#0 C:\xampp\htdocs\alba\wp-content\themes\alba_theme\header.php(20): wp_get_attachment_image_src()
#1 C:\xampp\htdocs\alba\wp-includes\template.php(810): require_once('C:\\xampp\\htdocs...')
#2 C:\xampp\htdocs\alba\wp-includes\template.php(745): load_template('C:\\xampp\\htdocs...', true, Array)
#3 C:\xampp\htdocs\alba\wp-includes\general-template.php(48): locate_template(Array, true, true, Array)
#4 C:\xampp\htdocs\alba\wp-content\themes\alba_theme\index.php(1): get_header()
#5 C:\xampp\htdocs\alba\wp-includes\template-loader.php(106): include('C:\\xampp\\htdocs...')
#6 C:\xampp\htdocs\alba\wp-blog-header.php(19): require_once('C:\\xampp\\htdocs...')
#7 C:\xampp\htdocs\alba\index.php(18): require('C:\\xampp\\htdocs...')
#8 {main}
  thrown in C:\xampp\htdocs\alba\wp-includes\media.php on line 968
[04-Oct-2024 16:58:59 UTC] PHP Fatal error:  Uncaught ArgumentCountError: Too few arguments to function wp_get_attachment_image_src(), 0 passed in C:\xampp\htdocs\alba\wp-content\themes\alba_theme\header.php on line 20 and at least 1 expected in C:\xampp\htdocs\alba\wp-includes\media.php:968
Stack trace:
#0 C:\xampp\htdocs\alba\wp-content\themes\alba_theme\header.php(20): wp_get_attachment_image_src()
#1 C:\xampp\htdocs\alba\wp-includes\template.php(810): require_once('C:\\xampp\\htdocs...')
#2 C:\xampp\htdocs\alba\wp-includes\template.php(745): load_template('C:\\xampp\\htdocs...', true, Array)
#3 C:\xampp\htdocs\alba\wp-includes\general-template.php(48): locate_template(Array, true, true, Array)
#4 C:\xampp\htdocs\alba\wp-content\themes\alba_theme\index.php(1): get_header()
#5 C:\xampp\htdocs\alba\wp-includes\template-loader.php(106): include('C:\\xampp\\htdocs...')
#6 C:\xampp\htdocs\alba\wp-blog-header.php(19): require_once('C:\\xampp\\htdocs...')
#7 C:\xampp\htdocs\alba\index.php(18): require('C:\\xampp\\htdocs...')
#8 {main}
  thrown in C:\xampp\htdocs\alba\wp-includes\media.php on line 968
[04-Oct-2024 16:58:59 UTC] Erreur d’événement de déplanification de tâche pour le crochet wordfence_start_scheduled_scan. Code d’erreur : could_not_set. Message d’erreur : La liste des évènements planifiés n’a pas pu être sauvegardée.. Données : {"schedule":false,"args":[1727920200]}
[04-Oct-2024 16:59:05 UTC] PHP Fatal error:  Uncaught ArgumentCountError: Too few arguments to function wp_get_attachment_image_src(), 0 passed in C:\xampp\htdocs\alba\wp-content\themes\alba_theme\header.php on line 20 and at least 1 expected in C:\xampp\htdocs\alba\wp-includes\media.php:968
Stack trace:
#0 C:\xampp\htdocs\alba\wp-content\themes\alba_theme\header.php(20): wp_get_attachment_image_src()
#1 C:\xampp\htdocs\alba\wp-includes\template.php(810): require_once('C:\\xampp\\htdocs...')
#2 C:\xampp\htdocs\alba\wp-includes\template.php(745): load_template('C:\\xampp\\htdocs...', true, Array)
#3 C:\xampp\htdocs\alba\wp-includes\general-template.php(48): locate_template(Array, true, true, Array)
#4 C:\xampp\htdocs\alba\wp-content\themes\alba_theme\index.php(1): get_header()
#5 C:\xampp\htdocs\alba\wp-includes\template-loader.php(106): include('C:\\xampp\\htdocs...')
#6 C:\xampp\htdocs\alba\wp-blog-header.php(19): require_once('C:\\xampp\\htdocs...')
#7 C:\xampp\htdocs\alba\index.php(18): require('C:\\xampp\\htdocs...')
#8 {main}
  thrown in C:\xampp\htdocs\alba\wp-includes\media.php on line 968
[04-Oct-2024 17:00:53 UTC] PHP Fatal error:  Uncaught ArgumentCountError: Too few arguments to function wp_get_attachment_image_src(), 0 passed in C:\xampp\htdocs\alba\wp-content\themes\alba_theme\header.php on line 20 and at least 1 expected in C:\xampp\htdocs\alba\wp-includes\media.php:968
Stack trace:
#0 C:\xampp\htdocs\alba\wp-content\themes\alba_theme\header.php(20): wp_get_attachment_image_src()
#1 C:\xampp\htdocs\alba\wp-includes\template.php(810): require_once('C:\\xampp\\htdocs...')
#2 C:\xampp\htdocs\alba\wp-includes\template.php(745): load_template('C:\\xampp\\htdocs...', true, Array)
#3 C:\xampp\htdocs\alba\wp-includes\general-template.php(48): locate_template(Array, true, true, Array)
#4 C:\xampp\htdocs\alba\wp-content\themes\alba_theme\index.php(1): get_header()
#5 C:\xampp\htdocs\alba\wp-includes\template-loader.php(106): include('C:\\xampp\\htdocs...')
#6 C:\xampp\htdocs\alba\wp-blog-header.php(19): require_once('C:\\xampp\\htdocs...')
#7 C:\xampp\htdocs\alba\index.php(18): require('C:\\xampp\\htdocs...')
#8 {main}
  thrown in C:\xampp\htdocs\alba\wp-includes\media.php on line 968
[06-Nov-2024 22:29:44 UTC] Error reading Wordfence Firewall config data, configuration file could be corrupted or inaccessible. Path: D:/laragon/www/alba/wp-content/wflogs/config.php
[06-Nov-2024 22:29:45 UTC] Error reading Wordfence Firewall config data, configuration file could be corrupted or inaccessible. Path: D:/laragon/www/alba/wp-content/wflogs/config.php
[06-Nov-2024 22:29:45 UTC] PHP Warning:  file_get_contents(D:\laragon\www\alba/wp-content/themes/alba_theme./style.css): Failed to open stream: Permission denied in D:\laragon\www\alba\wp-content\plugins\autoptimize\classes\autoptimizeBase.php on line 680
[06-Nov-2024 22:29:46 UTC] Error reading Wordfence Firewall config data, configuration file could be corrupted or inaccessible. Path: D:/laragon/www/alba/wp-content/wflogs/config.php
[06-Nov-2024 22:29:47 UTC] Error reading Wordfence Firewall config data, configuration file could be corrupted or inaccessible. Path: D:/laragon/www/alba/wp-content/wflogs/config.php
[06-Nov-2024 22:29:47 UTC] PHP Warning:  file_get_contents(D:\laragon\www\alba/wp-content/themes/alba_theme./style.css): Failed to open stream: Permission denied in D:\laragon\www\alba\wp-content\plugins\autoptimize\classes\autoptimizeBase.php on line 680
[06-Nov-2024 22:29:50 UTC] Error reading Wordfence Firewall config data, configuration file could be corrupted or inaccessible. Path: D:/laragon/www/alba/wp-content/wflogs/config.php
[06-Nov-2024 22:29:50 UTC] Error reading Wordfence Firewall config data, configuration file could be corrupted or inaccessible. Path: D:/laragon/www/alba/wp-content/wflogs/config.php
[06-Nov-2024 22:29:50 UTC] PHP Warning:  file_get_contents(D:\laragon\www\alba/wp-content/themes/alba_theme./style.css): Failed to open stream: Permission denied in D:\laragon\www\alba\wp-content\plugins\autoptimize\classes\autoptimizeBase.php on line 680
[06-Nov-2024 22:29:52 UTC] Error reading Wordfence Firewall config data, configuration file could be corrupted or inaccessible. Path: D:/laragon/www/alba/wp-content/wflogs/config.php
[06-Nov-2024 22:29:52 UTC] Error reading Wordfence Firewall config data, configuration file could be corrupted or inaccessible. Path: D:/laragon/www/alba/wp-content/wflogs/config.php
[06-Nov-2024 22:29:52 UTC] PHP Warning:  file_get_contents(D:\laragon\www\alba/wp-content/themes/alba_theme./style.css): Failed to open stream: Permission denied in D:\laragon\www\alba\wp-content\plugins\autoptimize\classes\autoptimizeBase.php on line 680
[06-Nov-2024 22:29:57 UTC] Error reading Wordfence Firewall config data, configuration file could be corrupted or inaccessible. Path: D:/laragon/www/alba/wp-content/wflogs/config.php
[06-Nov-2024 22:29:58 UTC] Error reading Wordfence Firewall config data, configuration file could be corrupted or inaccessible. Path: D:/laragon/www/alba/wp-content/wflogs/config.php
[06-Nov-2024 22:29:58 UTC] PHP Warning:  file_get_contents(D:\laragon\www\alba/wp-content/themes/alba_theme./style.css): Failed to open stream: Permission denied in D:\laragon\www\alba\wp-content\plugins\autoptimize\classes\autoptimizeBase.php on line 680
[06-Nov-2024 22:29:59 UTC] Error reading Wordfence Firewall config data, configuration file could be corrupted or inaccessible. Path: D:/laragon/www/alba/wp-content/wflogs/config.php
[06-Nov-2024 22:30:00 UTC] Error reading Wordfence Firewall config data, configuration file could be corrupted or inaccessible. Path: D:/laragon/www/alba/wp-content/wflogs/config.php
[06-Nov-2024 22:30:00 UTC] PHP Warning:  file_get_contents(D:\laragon\www\alba/wp-content/themes/alba_theme./style.css): Failed to open stream: Permission denied in D:\laragon\www\alba\wp-content\plugins\autoptimize\classes\autoptimizeBase.php on line 680
[06-Nov-2024 22:30:56 UTC] Error reading Wordfence Firewall config data, configuration file could be corrupted or inaccessible. Path: D:/laragon/www/alba/wp-content/wflogs/config.php
[06-Nov-2024 22:30:57 UTC] Error reading Wordfence Firewall config data, configuration file could be corrupted or inaccessible. Path: D:/laragon/www/alba/wp-content/wflogs/config.php
[06-Nov-2024 22:30:57 UTC] PHP Warning:  file_get_contents(D:\laragon\www\alba/wp-content/themes/alba_theme./style.css): Failed to open stream: Permission denied in D:\laragon\www\alba\wp-content\plugins\autoptimize\classes\autoptimizeBase.php on line 680
[06-Nov-2024 22:30:58 UTC] Error reading Wordfence Firewall config data, configuration file could be corrupted or inaccessible. Path: D:/laragon/www/alba/wp-content/wflogs/config.php
[06-Nov-2024 22:30:59 UTC] Error reading Wordfence Firewall config data, configuration file could be corrupted or inaccessible. Path: D:/laragon/www/alba/wp-content/wflogs/config.php
[06-Nov-2024 22:30:59 UTC] PHP Warning:  file_get_contents(D:\laragon\www\alba/wp-content/themes/alba_theme./style.css): Failed to open stream: Permission denied in D:\laragon\www\alba\wp-content\plugins\autoptimize\classes\autoptimizeBase.php on line 680
[06-Nov-2024 22:31:01 UTC] Error reading Wordfence Firewall config data, configuration file could be corrupted or inaccessible. Path: D:/laragon/www/alba/wp-content/wflogs/config.php
[06-Nov-2024 22:31:01 UTC] Error reading Wordfence Firewall config data, configuration file could be corrupted or inaccessible. Path: D:/laragon/www/alba/wp-content/wflogs/config.php
[06-Nov-2024 22:31:01 UTC] Error reading Wordfence Firewall config data, configuration file could be corrupted or inaccessible. Path: D:/laragon/www/alba/wp-content/wflogs/config.php
[06-Nov-2024 22:31:02 UTC] Error reading Wordfence Firewall config data, configuration file could be corrupted or inaccessible. Path: D:/laragon/www/alba/wp-content/wflogs/config.php
[06-Nov-2024 22:31:02 UTC] Error reading Wordfence Firewall config data, configuration file could be corrupted or inaccessible. Path: D:/laragon/www/alba/wp-content/wflogs/config.php
[06-Nov-2024 22:31:02 UTC] PHP Warning:  file_get_contents(D:\laragon\www\alba/wp-content/themes/alba_theme./style.css): Failed to open stream: Permission denied in D:\laragon\www\alba\wp-content\plugins\autoptimize\classes\autoptimizeBase.php on line 680
[06-Nov-2024 22:31:02 UTC] Error reading Wordfence Firewall config data, configuration file could be corrupted or inaccessible. Path: D:/laragon/www/alba/wp-content/wflogs/config.php
[06-Nov-2024 22:31:02 UTC] PHP Warning:  file_get_contents(D:\laragon\www\alba/wp-content/themes/alba_theme./style.css): Failed to open stream: Permission denied in D:\laragon\www\alba\wp-content\plugins\autoptimize\classes\autoptimizeBase.php on line 680
[06-Nov-2024 22:31:02 UTC] PHP Warning:  file_get_contents(D:\laragon\www\alba/wp-content/themes/alba_theme./style.css): Failed to open stream: Permission denied in D:\laragon\www\alba\wp-content\plugins\autoptimize\classes\autoptimizeBase.php on line 680
[06-Nov-2024 22:31:03 UTC] Error reading Wordfence Firewall config data, configuration file could be corrupted or inaccessible. Path: D:/laragon/www/alba/wp-content/wflogs/config.php
[06-Nov-2024 22:31:03 UTC] Error reading Wordfence Firewall config data, configuration file could be corrupted or inaccessible. Path: D:/laragon/www/alba/wp-content/wflogs/config.php
[06-Nov-2024 22:31:03 UTC] Error reading Wordfence Firewall config data, configuration file could be corrupted or inaccessible. Path: D:/laragon/www/alba/wp-content/wflogs/config.php
[06-Nov-2024 22:31:03 UTC] Error reading Wordfence Firewall config data, configuration file could be corrupted or inaccessible. Path: D:/laragon/www/alba/wp-content/wflogs/config.php
[06-Nov-2024 22:31:03 UTC] PHP Warning:  file_get_contents(D:\laragon\www\alba/wp-content/themes/alba_theme./style.css): Failed to open stream: Permission denied in D:\laragon\www\alba\wp-content\plugins\autoptimize\classes\autoptimizeBase.php on line 680
[06-Nov-2024 22:31:03 UTC] PHP Warning:  file_get_contents(D:\laragon\www\alba/wp-content/themes/alba_theme./style.css): Failed to open stream: Permission denied in D:\laragon\www\alba\wp-content\plugins\autoptimize\classes\autoptimizeBase.php on line 680
[06-Nov-2024 22:31:05 UTC] Error reading Wordfence Firewall config data, configuration file could be corrupted or inaccessible. Path: D:/laragon/www/alba/wp-content/wflogs/config.php
[06-Nov-2024 22:31:05 UTC] Error reading Wordfence Firewall config data, configuration file could be corrupted or inaccessible. Path: D:/laragon/www/alba/wp-content/wflogs/config.php
[06-Nov-2024 22:31:06 UTC] PHP Warning:  file_get_contents(D:\laragon\www\alba/wp-content/themes/alba_theme./style.css): Failed to open stream: Permission denied in D:\laragon\www\alba\wp-content\plugins\autoptimize\classes\autoptimizeBase.php on line 680
[06-Nov-2024 22:31:13 UTC] Error reading Wordfence Firewall config data, configuration file could be corrupted or inaccessible. Path: D:/laragon/www/alba/wp-content/wflogs/config.php
[06-Nov-2024 22:31:14 UTC] Error reading Wordfence Firewall config data, configuration file could be corrupted or inaccessible. Path: D:/laragon/www/alba/wp-content/wflogs/config.php
[06-Nov-2024 22:31:14 UTC] PHP Warning:  file_get_contents(D:\laragon\www\alba/wp-content/themes/alba_theme./style.css): Failed to open stream: Permission denied in D:\laragon\www\alba\wp-content\plugins\autoptimize\classes\autoptimizeBase.php on line 680
[06-Nov-2024 22:31:15 UTC] Error reading Wordfence Firewall config data, configuration file could be corrupted or inaccessible. Path: D:/laragon/www/alba/wp-content/wflogs/config.php
[06-Nov-2024 22:31:16 UTC] Error reading Wordfence Firewall config data, configuration file could be corrupted or inaccessible. Path: D:/laragon/www/alba/wp-content/wflogs/config.php
[06-Nov-2024 22:31:16 UTC] PHP Warning:  file_get_contents(D:\laragon\www\alba/wp-content/themes/alba_theme./style.css): Failed to open stream: Permission denied in D:\laragon\www\alba\wp-content\plugins\autoptimize\classes\autoptimizeBase.php on line 680
[06-Nov-2024 22:31:33 UTC] Error reading Wordfence Firewall config data, configuration file could be corrupted or inaccessible. Path: D:/laragon/www/alba/wp-content/wflogs/config.php
[06-Nov-2024 22:31:33 UTC] Error reading Wordfence Firewall config data, configuration file could be corrupted or inaccessible. Path: D:/laragon/www/alba/wp-content/wflogs/config.php
[06-Nov-2024 22:31:34 UTC] PHP Warning:  file_get_contents(D:\laragon\www\alba/wp-content/themes/alba_theme./style.css): Failed to open stream: Permission denied in D:\laragon\www\alba\wp-content\plugins\autoptimize\classes\autoptimizeBase.php on line 680
[06-Nov-2024 22:31:35 UTC] Error reading Wordfence Firewall config data, configuration file could be corrupted or inaccessible. Path: D:/laragon/www/alba/wp-content/wflogs/config.php
[06-Nov-2024 22:31:35 UTC] Error reading Wordfence Firewall config data, configuration file could be corrupted or inaccessible. Path: D:/laragon/www/alba/wp-content/wflogs/config.php
[06-Nov-2024 22:31:36 UTC] PHP Warning:  file_get_contents(D:\laragon\www\alba/wp-content/themes/alba_theme./style.css): Failed to open stream: Permission denied in D:\laragon\www\alba\wp-content\plugins\autoptimize\classes\autoptimizeBase.php on line 680
[06-Nov-2024 22:31:36 UTC] Error reading Wordfence Firewall config data, configuration file could be corrupted or inaccessible. Path: D:/laragon/www/alba/wp-content/wflogs/config.php
[06-Nov-2024 22:31:37 UTC] Error reading Wordfence Firewall config data, configuration file could be corrupted or inaccessible. Path: D:/laragon/www/alba/wp-content/wflogs/config.php
[06-Nov-2024 22:31:37 UTC] PHP Warning:  file_get_contents(D:\laragon\www\alba/wp-content/themes/alba_theme./style.css): Failed to open stream: Permission denied in D:\laragon\www\alba\wp-content\plugins\autoptimize\classes\autoptimizeBase.php on line 680
[06-Nov-2024 22:31:39 UTC] Error reading Wordfence Firewall config data, configuration file could be corrupted or inaccessible. Path: D:/laragon/www/alba/wp-content/wflogs/config.php
[06-Nov-2024 22:31:40 UTC] Error reading Wordfence Firewall config data, configuration file could be corrupted or inaccessible. Path: D:/laragon/www/alba/wp-content/wflogs/config.php
[06-Nov-2024 22:31:40 UTC] PHP Warning:  file_get_contents(D:\laragon\www\alba/wp-content/themes/alba_theme./style.css): Failed to open stream: Permission denied in D:\laragon\www\alba\wp-content\plugins\autoptimize\classes\autoptimizeBase.php on line 680
[06-Nov-2024 22:31:45 UTC] Error reading Wordfence Firewall config data, configuration file could be corrupted or inaccessible. Path: D:/laragon/www/alba/wp-content/wflogs/config.php
[06-Nov-2024 22:31:45 UTC] Error reading Wordfence Firewall config data, configuration file could be corrupted or inaccessible. Path: D:/laragon/www/alba/wp-content/wflogs/config.php
[06-Nov-2024 22:31:45 UTC] PHP Warning:  file_get_contents(D:\laragon\www\alba/wp-content/themes/alba_theme./style.css): Failed to open stream: Permission denied in D:\laragon\www\alba\wp-content\plugins\autoptimize\classes\autoptimizeBase.php on line 680
[06-Nov-2024 22:31:46 UTC] Error reading Wordfence Firewall config data, configuration file could be corrupted or inaccessible. Path: D:/laragon/www/alba/wp-content/wflogs/config.php
[06-Nov-2024 22:31:47 UTC] Error reading Wordfence Firewall config data, configuration file could be corrupted or inaccessible. Path: D:/laragon/www/alba/wp-content/wflogs/config.php
[06-Nov-2024 22:31:47 UTC] PHP Warning:  file_get_contents(D:\laragon\www\alba/wp-content/themes/alba_theme./style.css): Failed to open stream: Permission denied in D:\laragon\www\alba\wp-content\plugins\autoptimize\classes\autoptimizeBase.php on line 680
[06-Nov-2024 22:32:02 UTC] Error reading Wordfence Firewall config data, configuration file could be corrupted or inaccessible. Path: D:/laragon/www/alba/wp-content/wflogs/config.php
[06-Nov-2024 22:32:02 UTC] Error reading Wordfence Firewall config data, configuration file could be corrupted or inaccessible. Path: D:/laragon/www/alba/wp-content/wflogs/config.php
[06-Nov-2024 22:32:03 UTC] PHP Warning:  file_get_contents(D:\laragon\www\alba/wp-content/themes/alba_theme./style.css): Failed to open stream: Permission denied in D:\laragon\www\alba\wp-content\plugins\autoptimize\classes\autoptimizeBase.php on line 680
[06-Nov-2024 22:32:05 UTC] Error reading Wordfence Firewall config data, configuration file could be corrupted or inaccessible. Path: D:/laragon/www/alba/wp-content/wflogs/config.php
[06-Nov-2024 22:32:05 UTC] Error reading Wordfence Firewall config data, configuration file could be corrupted or inaccessible. Path: D:/laragon/www/alba/wp-content/wflogs/config.php
[06-Nov-2024 22:32:05 UTC] PHP Warning:  file_get_contents(D:\laragon\www\alba/wp-content/themes/alba_theme./style.css): Failed to open stream: Permission denied in D:\laragon\www\alba\wp-content\plugins\autoptimize\classes\autoptimizeBase.php on line 680
[06-Nov-2024 22:32:08 UTC] Error reading Wordfence Firewall config data, configuration file could be corrupted or inaccessible. Path: D:/laragon/www/alba/wp-content/wflogs/config.php
[06-Nov-2024 22:32:08 UTC] Error reading Wordfence Firewall config data, configuration file could be corrupted or inaccessible. Path: D:/laragon/www/alba/wp-content/wflogs/config.php
[06-Nov-2024 22:32:08 UTC] PHP Warning:  file_get_contents(D:\laragon\www\alba/wp-content/themes/alba_theme./style.css): Failed to open stream: Permission denied in D:\laragon\www\alba\wp-content\plugins\autoptimize\classes\autoptimizeBase.php on line 680
[06-Nov-2024 22:32:10 UTC] Error reading Wordfence Firewall config data, configuration file could be corrupted or inaccessible. Path: D:/laragon/www/alba/wp-content/wflogs/config.php
[06-Nov-2024 22:32:10 UTC] Error reading Wordfence Firewall config data, configuration file could be corrupted or inaccessible. Path: D:/laragon/www/alba/wp-content/wflogs/config.php
[06-Nov-2024 22:32:10 UTC] PHP Warning:  file_get_contents(D:\laragon\www\alba/wp-content/themes/alba_theme./style.css): Failed to open stream: Permission denied in D:\laragon\www\alba\wp-content\plugins\autoptimize\classes\autoptimizeBase.php on line 680
[06-Nov-2024 22:32:12 UTC] Error reading Wordfence Firewall config data, configuration file could be corrupted or inaccessible. Path: D:/laragon/www/alba/wp-content/wflogs/config.php
[06-Nov-2024 22:32:12 UTC] Error reading Wordfence Firewall config data, configuration file could be corrupted or inaccessible. Path: D:/laragon/www/alba/wp-content/wflogs/config.php
[06-Nov-2024 22:32:12 UTC] PHP Warning:  file_get_contents(D:\laragon\www\alba/wp-content/themes/alba_theme./style.css): Failed to open stream: Permission denied in D:\laragon\www\alba\wp-content\plugins\autoptimize\classes\autoptimizeBase.php on line 680
[06-Nov-2024 22:32:13 UTC] Error reading Wordfence Firewall config data, configuration file could be corrupted or inaccessible. Path: D:/laragon/www/alba/wp-content/wflogs/config.php
[06-Nov-2024 22:32:14 UTC] Error reading Wordfence Firewall config data, configuration file could be corrupted or inaccessible. Path: D:/laragon/www/alba/wp-content/wflogs/config.php
[06-Nov-2024 22:32:14 UTC] PHP Warning:  file_get_contents(D:\laragon\www\alba/wp-content/themes/alba_theme./style.css): Failed to open stream: Permission denied in D:\laragon\www\alba\wp-content\plugins\autoptimize\classes\autoptimizeBase.php on line 680
[06-Nov-2024 22:32:37 UTC] Error reading Wordfence Firewall config data, configuration file could be corrupted or inaccessible. Path: D:/laragon/www/alba/wp-content/wflogs/config.php
[06-Nov-2024 22:32:38 UTC] Error reading Wordfence Firewall config data, configuration file could be corrupted or inaccessible. Path: D:/laragon/www/alba/wp-content/wflogs/config.php
[06-Nov-2024 22:32:38 UTC] PHP Warning:  file_get_contents(D:\laragon\www\alba/wp-content/themes/alba_theme./style.css): Failed to open stream: Permission denied in D:\laragon\www\alba\wp-content\plugins\autoptimize\classes\autoptimizeBase.php on line 680
[06-Nov-2024 22:32:40 UTC] Error reading Wordfence Firewall config data, configuration file could be corrupted or inaccessible. Path: D:/laragon/www/alba/wp-content/wflogs/config.php
[06-Nov-2024 22:32:41 UTC] Error reading Wordfence Firewall config data, configuration file could be corrupted or inaccessible. Path: D:/laragon/www/alba/wp-content/wflogs/config.php
[06-Nov-2024 22:32:41 UTC] PHP Warning:  file_get_contents(D:\laragon\www\alba/wp-content/themes/alba_theme./style.css): Failed to open stream: Permission denied in D:\laragon\www\alba\wp-content\plugins\autoptimize\classes\autoptimizeBase.php on line 680
[06-Nov-2024 22:32:45 UTC] Error reading Wordfence Firewall config data, configuration file could be corrupted or inaccessible. Path: D:/laragon/www/alba/wp-content/wflogs/config.php
[06-Nov-2024 22:32:46 UTC] Error reading Wordfence Firewall config data, configuration file could be corrupted or inaccessible. Path: D:/laragon/www/alba/wp-content/wflogs/config.php
[06-Nov-2024 22:32:46 UTC] PHP Warning:  file_get_contents(D:\laragon\www\alba/wp-content/themes/alba_theme./style.css): Failed to open stream: Permission denied in D:\laragon\www\alba\wp-content\plugins\autoptimize\classes\autoptimizeBase.php on line 680
[06-Nov-2024 22:32:47 UTC] Error reading Wordfence Firewall config data, configuration file could be corrupted or inaccessible. Path: D:/laragon/www/alba/wp-content/wflogs/config.php
[06-Nov-2024 22:32:47 UTC] Error reading Wordfence Firewall config data, configuration file could be corrupted or inaccessible. Path: D:/laragon/www/alba/wp-content/wflogs/config.php
[06-Nov-2024 22:32:48 UTC] PHP Warning:  file_get_contents(D:\laragon\www\alba/wp-content/themes/alba_theme./style.css): Failed to open stream: Permission denied in D:\laragon\www\alba\wp-content\plugins\autoptimize\classes\autoptimizeBase.php on line 680
[06-Nov-2024 22:33:23 UTC] Error reading Wordfence Firewall config data, configuration file could be corrupted or inaccessible. Path: D:/laragon/www/alba/wp-content/wflogs/config.php
[06-Nov-2024 22:33:23 UTC] Error reading Wordfence Firewall config data, configuration file could be corrupted or inaccessible. Path: D:/laragon/www/alba/wp-content/wflogs/config.php
[06-Nov-2024 22:33:23 UTC] PHP Warning:  file_get_contents(D:\laragon\www\alba/wp-content/themes/alba_theme./style.css): Failed to open stream: Permission denied in D:\laragon\www\alba\wp-content\plugins\autoptimize\classes\autoptimizeBase.php on line 680
[06-Nov-2024 22:33:25 UTC] Error reading Wordfence Firewall config data, configuration file could be corrupted or inaccessible. Path: D:/laragon/www/alba/wp-content/wflogs/config.php
[06-Nov-2024 22:33:25 UTC] Error reading Wordfence Firewall config data, configuration file could be corrupted or inaccessible. Path: D:/laragon/www/alba/wp-content/wflogs/config.php
[06-Nov-2024 22:33:25 UTC] PHP Warning:  file_get_contents(D:\laragon\www\alba/wp-content/themes/alba_theme./style.css): Failed to open stream: Permission denied in D:\laragon\www\alba\wp-content\plugins\autoptimize\classes\autoptimizeBase.php on line 680
[06-Nov-2024 22:33:29 UTC] Error reading Wordfence Firewall config data, configuration file could be corrupted or inaccessible. Path: D:/laragon/www/alba/wp-content/wflogs/config.php
[06-Nov-2024 22:33:29 UTC] Error reading Wordfence Firewall config data, configuration file could be corrupted or inaccessible. Path: D:/laragon/www/alba/wp-content/wflogs/config.php
[06-Nov-2024 22:33:30 UTC] PHP Warning:  file_get_contents(D:\laragon\www\alba/wp-content/themes/alba_theme./style.css): Failed to open stream: Permission denied in D:\laragon\www\alba\wp-content\plugins\autoptimize\classes\autoptimizeBase.php on line 680
[06-Nov-2024 22:33:31 UTC] Error reading Wordfence Firewall config data, configuration file could be corrupted or inaccessible. Path: D:/laragon/www/alba/wp-content/wflogs/config.php
[06-Nov-2024 22:33:31 UTC] Error reading Wordfence Firewall config data, configuration file could be corrupted or inaccessible. Path: D:/laragon/www/alba/wp-content/wflogs/config.php
[06-Nov-2024 22:33:31 UTC] PHP Warning:  file_get_contents(D:\laragon\www\alba/wp-content/themes/alba_theme./style.css): Failed to open stream: Permission denied in D:\laragon\www\alba\wp-content\plugins\autoptimize\classes\autoptimizeBase.php on line 680
[06-Nov-2024 22:34:20 UTC] Error reading Wordfence Firewall config data, configuration file could be corrupted or inaccessible. Path: D:/laragon/www/alba/wp-content/wflogs/config.php
[06-Nov-2024 22:34:21 UTC] Error reading Wordfence Firewall config data, configuration file could be corrupted or inaccessible. Path: D:/laragon/www/alba/wp-content/wflogs/config.php
[06-Nov-2024 22:34:21 UTC] PHP Warning:  file_get_contents(D:\laragon\www\alba/wp-content/themes/alba_theme./style.css): Failed to open stream: Permission denied in D:\laragon\www\alba\wp-content\plugins\autoptimize\classes\autoptimizeBase.php on line 680
[06-Nov-2024 22:34:22 UTC] Error reading Wordfence Firewall config data, configuration file could be corrupted or inaccessible. Path: D:/laragon/www/alba/wp-content/wflogs/config.php
[06-Nov-2024 22:34:23 UTC] Error reading Wordfence Firewall config data, configuration file could be corrupted or inaccessible. Path: D:/laragon/www/alba/wp-content/wflogs/config.php
[06-Nov-2024 22:34:23 UTC] PHP Warning:  file_get_contents(D:\laragon\www\alba/wp-content/themes/alba_theme./style.css): Failed to open stream: Permission denied in D:\laragon\www\alba\wp-content\plugins\autoptimize\classes\autoptimizeBase.php on line 680
[06-Nov-2024 22:34:25 UTC] Error reading Wordfence Firewall config data, configuration file could be corrupted or inaccessible. Path: D:/laragon/www/alba/wp-content/wflogs/config.php
[06-Nov-2024 22:34:25 UTC] Error reading Wordfence Firewall config data, configuration file could be corrupted or inaccessible. Path: D:/laragon/www/alba/wp-content/wflogs/config.php
[06-Nov-2024 22:34:26 UTC] PHP Warning:  file_get_contents(D:\laragon\www\alba/wp-content/themes/alba_theme./style.css): Failed to open stream: Permission denied in D:\laragon\www\alba\wp-content\plugins\autoptimize\classes\autoptimizeBase.php on line 680
[06-Nov-2024 22:34:26 UTC] Error reading Wordfence Firewall config data, configuration file could be corrupted or inaccessible. Path: D:/laragon/www/alba/wp-content/wflogs/config.php
[06-Nov-2024 22:34:26 UTC] Error reading Wordfence Firewall config data, configuration file could be corrupted or inaccessible. Path: D:/laragon/www/alba/wp-content/wflogs/config.php
[06-Nov-2024 22:34:27 UTC] Error reading Wordfence Firewall config data, configuration file could be corrupted or inaccessible. Path: D:/laragon/www/alba/wp-content/wflogs/config.php
[06-Nov-2024 22:34:27 UTC] Error reading Wordfence Firewall config data, configuration file could be corrupted or inaccessible. Path: D:/laragon/www/alba/wp-content/wflogs/config.php
[06-Nov-2024 22:34:27 UTC] Error reading Wordfence Firewall config data, configuration file could be corrupted or inaccessible. Path: D:/laragon/www/alba/wp-content/wflogs/config.php
[06-Nov-2024 22:34:27 UTC] Error reading Wordfence Firewall config data, configuration file could be corrupted or inaccessible. Path: D:/laragon/www/alba/wp-content/wflogs/config.php
[06-Nov-2024 22:34:27 UTC] PHP Warning:  file_get_contents(D:\laragon\www\alba/wp-content/themes/alba_theme./style.css): Failed to open stream: Permission denied in D:\laragon\www\alba\wp-content\plugins\autoptimize\classes\autoptimizeBase.php on line 680
[06-Nov-2024 22:34:27 UTC] PHP Warning:  file_get_contents(D:\laragon\www\alba/wp-content/themes/alba_theme./style.css): Failed to open stream: Permission denied in D:\laragon\www\alba\wp-content\plugins\autoptimize\classes\autoptimizeBase.php on line 680
[06-Nov-2024 22:34:27 UTC] PHP Warning:  file_get_contents(D:\laragon\www\alba/wp-content/themes/alba_theme./style.css): Failed to open stream: Permission denied in D:\laragon\www\alba\wp-content\plugins\autoptimize\classes\autoptimizeBase.php on line 680
[06-Nov-2024 22:34:29 UTC] Error reading Wordfence Firewall config data, configuration file could be corrupted or inaccessible. Path: D:/laragon/www/alba/wp-content/wflogs/config.php
[06-Nov-2024 22:34:29 UTC] Error reading Wordfence Firewall config data, configuration file could be corrupted or inaccessible. Path: D:/laragon/www/alba/wp-content/wflogs/config.php
[06-Nov-2024 22:34:29 UTC] PHP Warning:  file_get_contents(D:\laragon\www\alba/wp-content/themes/alba_theme./style.css): Failed to open stream: Permission denied in D:\laragon\www\alba\wp-content\plugins\autoptimize\classes\autoptimizeBase.php on line 680
[06-Nov-2024 22:35:34 UTC] Error reading Wordfence Firewall config data, configuration file could be corrupted or inaccessible. Path: D:/laragon/www/alba/wp-content/wflogs/config.php
[06-Nov-2024 22:35:34 UTC] Error reading Wordfence Firewall config data, configuration file could be corrupted or inaccessible. Path: D:/laragon/www/alba/wp-content/wflogs/config.php
[06-Nov-2024 22:35:34 UTC] PHP Warning:  file_get_contents(D:\laragon\www\alba/wp-content/themes/alba_theme./style.css): Failed to open stream: Permission denied in D:\laragon\www\alba\wp-content\plugins\autoptimize\classes\autoptimizeBase.php on line 680
[06-Nov-2024 22:35:37 UTC] Error reading Wordfence Firewall config data, configuration file could be corrupted or inaccessible. Path: D:/laragon/www/alba/wp-content/wflogs/config.php
[06-Nov-2024 22:35:37 UTC] Error reading Wordfence Firewall config data, configuration file could be corrupted or inaccessible. Path: D:/laragon/www/alba/wp-content/wflogs/config.php
[06-Nov-2024 22:35:38 UTC] PHP Warning:  file_get_contents(D:\laragon\www\alba/wp-content/themes/alba_theme./style.css): Failed to open stream: Permission denied in D:\laragon\www\alba\wp-content\plugins\autoptimize\classes\autoptimizeBase.php on line 680
[06-Nov-2024 22:35:43 UTC] Error reading Wordfence Firewall config data, configuration file could be corrupted or inaccessible. Path: D:/laragon/www/alba/wp-content/wflogs/config.php
[06-Nov-2024 22:35:43 UTC] Error reading Wordfence Firewall config data, configuration file could be corrupted or inaccessible. Path: D:/laragon/www/alba/wp-content/wflogs/config.php
[06-Nov-2024 22:35:44 UTC] PHP Warning:  file_get_contents(D:\laragon\www\alba/wp-content/themes/alba_theme./style.css): Failed to open stream: Permission denied in D:\laragon\www\alba\wp-content\plugins\autoptimize\classes\autoptimizeBase.php on line 680
[06-Nov-2024 22:35:45 UTC] Error reading Wordfence Firewall config data, configuration file could be corrupted or inaccessible. Path: D:/laragon/www/alba/wp-content/wflogs/config.php
[06-Nov-2024 22:35:45 UTC] Error reading Wordfence Firewall config data, configuration file could be corrupted or inaccessible. Path: D:/laragon/www/alba/wp-content/wflogs/config.php
[06-Nov-2024 22:35:45 UTC] PHP Warning:  file_get_contents(D:\laragon\www\alba/wp-content/themes/alba_theme./style.css): Failed to open stream: Permission denied in D:\laragon\www\alba\wp-content\plugins\autoptimize\classes\autoptimizeBase.php on line 680
[06-Nov-2024 22:36:24 UTC] Error reading Wordfence Firewall config data, configuration file could be corrupted or inaccessible. Path: D:/laragon/www/alba/wp-content/wflogs/config.php
[06-Nov-2024 22:36:24 UTC] Error reading Wordfence Firewall config data, configuration file could be corrupted or inaccessible. Path: D:/laragon/www/alba/wp-content/wflogs/config.php
[06-Nov-2024 22:36:24 UTC] PHP Warning:  file_get_contents(D:\laragon\www\alba/wp-content/themes/alba_theme./style.css): Failed to open stream: Permission denied in D:\laragon\www\alba\wp-content\plugins\autoptimize\classes\autoptimizeBase.php on line 680
[06-Nov-2024 22:36:26 UTC] Error reading Wordfence Firewall config data, configuration file could be corrupted or inaccessible. Path: D:/laragon/www/alba/wp-content/wflogs/config.php
[06-Nov-2024 22:36:26 UTC] Error reading Wordfence Firewall config data, configuration file could be corrupted or inaccessible. Path: D:/laragon/www/alba/wp-content/wflogs/config.php
[06-Nov-2024 22:36:26 UTC] PHP Warning:  file_get_contents(D:\laragon\www\alba/wp-content/themes/alba_theme./style.css): Failed to open stream: Permission denied in D:\laragon\www\alba\wp-content\plugins\autoptimize\classes\autoptimizeBase.php on line 680
[06-Nov-2024 22:36:27 UTC] Error reading Wordfence Firewall config data, configuration file could be corrupted or inaccessible. Path: D:/laragon/www/alba/wp-content/wflogs/config.php
[06-Nov-2024 22:36:27 UTC] Error reading Wordfence Firewall config data, configuration file could be corrupted or inaccessible. Path: D:/laragon/www/alba/wp-content/wflogs/config.php
[06-Nov-2024 22:36:27 UTC] PHP Warning:  file_get_contents(D:\laragon\www\alba/wp-content/themes/alba_theme./style.css): Failed to open stream: Permission denied in D:\laragon\www\alba\wp-content\plugins\autoptimize\classes\autoptimizeBase.php on line 680
[06-Nov-2024 22:36:29 UTC] Error reading Wordfence Firewall config data, configuration file could be corrupted or inaccessible. Path: D:/laragon/www/alba/wp-content/wflogs/config.php
[06-Nov-2024 22:36:29 UTC] Error reading Wordfence Firewall config data, configuration file could be corrupted or inaccessible. Path: D:/laragon/www/alba/wp-content/wflogs/config.php
[06-Nov-2024 22:36:29 UTC] PHP Warning:  file_get_contents(D:\laragon\www\alba/wp-content/themes/alba_theme./style.css): Failed to open stream: Permission denied in D:\laragon\www\alba\wp-content\plugins\autoptimize\classes\autoptimizeBase.php on line 680
[06-Nov-2024 22:36:34 UTC] Error reading Wordfence Firewall config data, configuration file could be corrupted or inaccessible. Path: D:/laragon/www/alba/wp-content/wflogs/config.php
[06-Nov-2024 22:36:35 UTC] Error reading Wordfence Firewall config data, configuration file could be corrupted or inaccessible. Path: D:/laragon/www/alba/wp-content/wflogs/config.php
[06-Nov-2024 22:36:35 UTC] PHP Warning:  file_get_contents(D:\laragon\www\alba/wp-content/themes/alba_theme./style.css): Failed to open stream: Permission denied in D:\laragon\www\alba\wp-content\plugins\autoptimize\classes\autoptimizeBase.php on line 680
[06-Nov-2024 22:36:36 UTC] Error reading Wordfence Firewall config data, configuration file could be corrupted or inaccessible. Path: D:/laragon/www/alba/wp-content/wflogs/config.php
[06-Nov-2024 22:36:37 UTC] Error reading Wordfence Firewall config data, configuration file could be corrupted or inaccessible. Path: D:/laragon/www/alba/wp-content/wflogs/config.php
[06-Nov-2024 22:36:37 UTC] PHP Warning:  file_get_contents(D:\laragon\www\alba/wp-content/themes/alba_theme./style.css): Failed to open stream: Permission denied in D:\laragon\www\alba\wp-content\plugins\autoptimize\classes\autoptimizeBase.php on line 680
[06-Nov-2024 22:37:27 UTC] Error reading Wordfence Firewall config data, configuration file could be corrupted or inaccessible. Path: D:/laragon/www/alba/wp-content/wflogs/config.php
[06-Nov-2024 22:37:27 UTC] Error reading Wordfence Firewall config data, configuration file could be corrupted or inaccessible. Path: D:/laragon/www/alba/wp-content/wflogs/config.php
[06-Nov-2024 22:37:27 UTC] PHP Warning:  file_get_contents(D:\laragon\www\alba/wp-content/themes/alba_theme./style.css): Failed to open stream: Permission denied in D:\laragon\www\alba\wp-content\plugins\autoptimize\classes\autoptimizeBase.php on line 680
[06-Nov-2024 22:37:29 UTC] Error reading Wordfence Firewall config data, configuration file could be corrupted or inaccessible. Path: D:/laragon/www/alba/wp-content/wflogs/config.php
[06-Nov-2024 22:37:29 UTC] Error reading Wordfence Firewall config data, configuration file could be corrupted or inaccessible. Path: D:/laragon/www/alba/wp-content/wflogs/config.php
[06-Nov-2024 22:37:29 UTC] PHP Warning:  file_get_contents(D:\laragon\www\alba/wp-content/themes/alba_theme./style.css): Failed to open stream: Permission denied in D:\laragon\www\alba\wp-content\plugins\autoptimize\classes\autoptimizeBase.php on line 680
[06-Nov-2024 22:37:30 UTC] Error reading Wordfence Firewall config data, configuration file could be corrupted or inaccessible. Path: D:/laragon/www/alba/wp-content/wflogs/config.php
[06-Nov-2024 22:37:30 UTC] Error reading Wordfence Firewall config data, configuration file could be corrupted or inaccessible. Path: D:/laragon/www/alba/wp-content/wflogs/config.php
[06-Nov-2024 22:37:31 UTC] PHP Warning:  file_get_contents(D:\laragon\www\alba/wp-content/themes/alba_theme./style.css): Failed to open stream: Permission denied in D:\laragon\www\alba\wp-content\plugins\autoptimize\classes\autoptimizeBase.php on line 680
[06-Nov-2024 22:37:32 UTC] Error reading Wordfence Firewall config data, configuration file could be corrupted or inaccessible. Path: D:/laragon/www/alba/wp-content/wflogs/config.php
[06-Nov-2024 22:37:33 UTC] Error reading Wordfence Firewall config data, configuration file could be corrupted or inaccessible. Path: D:/laragon/www/alba/wp-content/wflogs/config.php
[06-Nov-2024 22:37:33 UTC] PHP Warning:  file_get_contents(D:\laragon\www\alba/wp-content/themes/alba_theme./style.css): Failed to open stream: Permission denied in D:\laragon\www\alba\wp-content\plugins\autoptimize\classes\autoptimizeBase.php on line 680
[06-Nov-2024 22:37:42 UTC] Error reading Wordfence Firewall config data, configuration file could be corrupted or inaccessible. Path: D:/laragon/www/alba/wp-content/wflogs/config.php
[06-Nov-2024 22:37:42 UTC] Error reading Wordfence Firewall config data, configuration file could be corrupted or inaccessible. Path: D:/laragon/www/alba/wp-content/wflogs/config.php
[06-Nov-2024 22:37:42 UTC] PHP Warning:  file_get_contents(D:\laragon\www\alba/wp-content/themes/alba_theme./style.css): Failed to open stream: Permission denied in D:\laragon\www\alba\wp-content\plugins\autoptimize\classes\autoptimizeBase.php on line 680
[06-Nov-2024 22:37:43 UTC] Error reading Wordfence Firewall config data, configuration file could be corrupted or inaccessible. Path: D:/laragon/www/alba/wp-content/wflogs/config.php
[06-Nov-2024 22:37:44 UTC] Error reading Wordfence Firewall config data, configuration file could be corrupted or inaccessible. Path: D:/laragon/www/alba/wp-content/wflogs/config.php
[06-Nov-2024 22:37:44 UTC] PHP Warning:  file_get_contents(D:\laragon\www\alba/wp-content/themes/alba_theme./style.css): Failed to open stream: Permission denied in D:\laragon\www\alba\wp-content\plugins\autoptimize\classes\autoptimizeBase.php on line 680
[06-Nov-2024 22:38:08 UTC] Error reading Wordfence Firewall config data, configuration file could be corrupted or inaccessible. Path: D:/laragon/www/alba/wp-content/wflogs/config.php
[06-Nov-2024 22:38:08 UTC] Error reading Wordfence Firewall config data, configuration file could be corrupted or inaccessible. Path: D:/laragon/www/alba/wp-content/wflogs/config.php
[06-Nov-2024 22:38:09 UTC] PHP Warning:  file_get_contents(D:\laragon\www\alba/wp-content/themes/alba_theme./style.css): Failed to open stream: Permission denied in D:\laragon\www\alba\wp-content\plugins\autoptimize\classes\autoptimizeBase.php on line 680
[06-Nov-2024 22:38:10 UTC] Error reading Wordfence Firewall config data, configuration file could be corrupted or inaccessible. Path: D:/laragon/www/alba/wp-content/wflogs/config.php
[06-Nov-2024 22:38:10 UTC] Error reading Wordfence Firewall config data, configuration file could be corrupted or inaccessible. Path: D:/laragon/www/alba/wp-content/wflogs/config.php
[06-Nov-2024 22:38:11 UTC] PHP Warning:  file_get_contents(D:\laragon\www\alba/wp-content/themes/alba_theme./style.css): Failed to open stream: Permission denied in D:\laragon\www\alba\wp-content\plugins\autoptimize\classes\autoptimizeBase.php on line 680
[06-Nov-2024 22:38:17 UTC] Error reading Wordfence Firewall config data, configuration file could be corrupted or inaccessible. Path: D:/laragon/www/alba/wp-content/wflogs/config.php
[06-Nov-2024 22:38:18 UTC] Error reading Wordfence Firewall config data, configuration file could be corrupted or inaccessible. Path: D:/laragon/www/alba/wp-content/wflogs/config.php
[06-Nov-2024 22:38:18 UTC] PHP Warning:  file_get_contents(D:\laragon\www\alba/wp-content/themes/alba_theme./style.css): Failed to open stream: Permission denied in D:\laragon\www\alba\wp-content\plugins\autoptimize\classes\autoptimizeBase.php on line 680
[06-Nov-2024 22:38:19 UTC] Error reading Wordfence Firewall config data, configuration file could be corrupted or inaccessible. Path: D:/laragon/www/alba/wp-content/wflogs/config.php
[06-Nov-2024 22:38:19 UTC] Error reading Wordfence Firewall config data, configuration file could be corrupted or inaccessible. Path: D:/laragon/www/alba/wp-content/wflogs/config.php
[06-Nov-2024 22:38:20 UTC] Error reading Wordfence Firewall config data, configuration file could be corrupted or inaccessible. Path: D:/laragon/www/alba/wp-content/wflogs/config.php
[06-Nov-2024 22:38:20 UTC] Error reading Wordfence Firewall config data, configuration file could be corrupted or inaccessible. Path: D:/laragon/www/alba/wp-content/wflogs/config.php
[06-Nov-2024 22:38:20 UTC] PHP Warning:  file_get_contents(D:\laragon\www\alba/wp-content/themes/alba_theme./style.css): Failed to open stream: Permission denied in D:\laragon\www\alba\wp-content\plugins\autoptimize\classes\autoptimizeBase.php on line 680
[06-Nov-2024 22:38:21 UTC] Error reading Wordfence Firewall config data, configuration file could be corrupted or inaccessible. Path: D:/laragon/www/alba/wp-content/wflogs/config.php
[06-Nov-2024 22:38:22 UTC] Error reading Wordfence Firewall config data, configuration file could be corrupted or inaccessible. Path: D:/laragon/www/alba/wp-content/wflogs/config.php
[06-Nov-2024 22:38:22 UTC] Error reading Wordfence Firewall config data, configuration file could be corrupted or inaccessible. Path: D:/laragon/www/alba/wp-content/wflogs/config.php
[06-Nov-2024 22:38:22 UTC] Error reading Wordfence Firewall config data, configuration file could be corrupted or inaccessible. Path: D:/laragon/www/alba/wp-content/wflogs/config.php
[06-Nov-2024 22:38:24 UTC] Error reading Wordfence Firewall config data, configuration file could be corrupted or inaccessible. Path: D:/laragon/www/alba/wp-content/wflogs/config.php
[06-Nov-2024 22:38:25 UTC] Error reading Wordfence Firewall config data, configuration file could be corrupted or inaccessible. Path: D:/laragon/www/alba/wp-content/wflogs/config.php
[06-Nov-2024 22:38:25 UTC] Error reading Wordfence Firewall config data, configuration file could be corrupted or inaccessible. Path: D:/laragon/www/alba/wp-content/wflogs/config.php
[06-Nov-2024 22:38:26 UTC] Error reading Wordfence Firewall config data, configuration file could be corrupted or inaccessible. Path: D:/laragon/www/alba/wp-content/wflogs/config.php
[06-Nov-2024 22:38:32 UTC] Error reading Wordfence Firewall config data, configuration file could be corrupted or inaccessible. Path: D:/laragon/www/alba/wp-content/wflogs/config.php
[06-Nov-2024 22:38:32 UTC] Error reading Wordfence Firewall config data, configuration file could be corrupted or inaccessible. Path: D:/laragon/www/alba/wp-content/wflogs/config.php
[06-Nov-2024 22:38:34 UTC] Error reading Wordfence Firewall config data, configuration file could be corrupted or inaccessible. Path: D:/laragon/www/alba/wp-content/wflogs/config.php
[06-Nov-2024 22:38:35 UTC] Error reading Wordfence Firewall config data, configuration file could be corrupted or inaccessible. Path: D:/laragon/www/alba/wp-content/wflogs/config.php
[06-Nov-2024 22:39:12 UTC] Error reading Wordfence Firewall config data, configuration file could be corrupted or inaccessible. Path: D:/laragon/www/alba/wp-content/wflogs/config.php
[06-Nov-2024 22:39:14 UTC] Error reading Wordfence Firewall config data, configuration file could be corrupted or inaccessible. Path: D:/laragon/www/alba/wp-content/wflogs/config.php
[06-Nov-2024 22:39:15 UTC] Error reading Wordfence Firewall config data, configuration file could be corrupted or inaccessible. Path: D:/laragon/www/alba/wp-content/wflogs/config.php
[06-Nov-2024 22:39:31 UTC] Error reading Wordfence Firewall config data, configuration file could be corrupted or inaccessible. Path: D:/laragon/www/alba/wp-content/wflogs/config.php
[06-Nov-2024 22:39:32 UTC] Error reading Wordfence Firewall config data, configuration file could be corrupted or inaccessible. Path: D:/laragon/www/alba/wp-content/wflogs/config.php
[06-Nov-2024 22:39:33 UTC] Error reading Wordfence Firewall config data, configuration file could be corrupted or inaccessible. Path: D:/laragon/www/alba/wp-content/wflogs/config.php
[06-Nov-2024 22:40:48 UTC] PHP Warning:  file_get_contents(D:\laragon\www\alba/wp-content/themes/alba_theme./style.css): Failed to open stream: Permission denied in D:\laragon\www\alba\wp-content\plugins\autoptimize\classes\autoptimizeBase.php on line 680
[06-Nov-2024 22:40:50 UTC] PHP Warning:  file_get_contents(D:\laragon\www\alba/wp-content/themes/alba_theme./style.css): Failed to open stream: Permission denied in D:\laragon\www\alba\wp-content\plugins\autoptimize\classes\autoptimizeBase.php on line 680
[06-Nov-2024 22:40:50 UTC] PHP Warning:  file_get_contents(D:\laragon\www\alba/wp-content/themes/alba_theme./style.css): Failed to open stream: Permission denied in D:\laragon\www\alba\wp-content\plugins\autoptimize\classes\autoptimizeBase.php on line 680
[06-Nov-2024 22:40:52 UTC] PHP Warning:  file_get_contents(D:\laragon\www\alba/wp-content/themes/alba_theme./style.css): Failed to open stream: Permission denied in D:\laragon\www\alba\wp-content\plugins\autoptimize\classes\autoptimizeBase.php on line 680
[06-Nov-2024 22:41:04 UTC] PHP Warning:  file_get_contents(D:\laragon\www\alba/wp-content/themes/alba_theme./style.css): Failed to open stream: Permission denied in D:\laragon\www\alba\wp-content\plugins\autoptimize\classes\autoptimizeBase.php on line 680
[06-Nov-2024 22:41:05 UTC] PHP Warning:  file_get_contents(D:\laragon\www\alba/wp-content/themes/alba_theme./style.css): Failed to open stream: Permission denied in D:\laragon\www\alba\wp-content\plugins\autoptimize\classes\autoptimizeBase.php on line 680
[06-Nov-2024 22:41:37 UTC] PHP Warning:  file_get_contents(D:\laragon\www\alba/wp-content/themes/alba_theme./style.css): Failed to open stream: Permission denied in D:\laragon\www\alba\wp-content\plugins\autoptimize\classes\autoptimizeBase.php on line 680
[06-Nov-2024 22:41:38 UTC] PHP Warning:  file_get_contents(D:\laragon\www\alba/wp-content/themes/alba_theme./style.css): Failed to open stream: Permission denied in D:\laragon\www\alba\wp-content\plugins\autoptimize\classes\autoptimizeBase.php on line 680
[07-Nov-2024 10:09:02 UTC] PHP Warning:  file_get_contents(D:\laragon\www\alba/wp-content/themes/alba_theme./style.css): Failed to open stream: Permission denied in D:\laragon\www\alba\wp-content\plugins\autoptimize\classes\autoptimizeBase.php on line 680
[07-Nov-2024 10:09:09 UTC] Automatic updates starting...
[07-Nov-2024 10:09:11 UTC] Automatic updates complete.
[07-Nov-2024 10:09:51 UTC] PHP Warning:  file_get_contents(D:\laragon\www\alba/wp-content/themes/alba_theme./style.css): Failed to open stream: Permission denied in D:\laragon\www\alba\wp-content\plugins\autoptimize\classes\autoptimizeBase.php on line 680
[07-Nov-2024 10:21:24 UTC] PHP Warning:  file_get_contents(D:\laragon\www\alba/wp-content/themes/alba_theme./style.css): Failed to open stream: Permission denied in D:\laragon\www\alba\wp-content\plugins\autoptimize\classes\autoptimizeBase.php on line 680
[07-Nov-2024 10:28:56 UTC] PHP Warning:  file_get_contents(D:\laragon\www\alba/wp-content/themes/alba_theme./style.css): Failed to open stream: Permission denied in D:\laragon\www\alba\wp-content\plugins\autoptimize\classes\autoptimizeBase.php on line 680
[07-Nov-2024 10:28:57 UTC] PHP Warning:  file_get_contents(D:\laragon\www\alba/wp-content/themes/alba_theme./style.css): Failed to open stream: Permission denied in D:\laragon\www\alba\wp-content\plugins\autoptimize\classes\autoptimizeBase.php on line 680
[07-Nov-2024 10:28:59 UTC] PHP Warning:  file_get_contents(D:\laragon\www\alba/wp-content/themes/alba_theme./style.css): Failed to open stream: Permission denied in D:\laragon\www\alba\wp-content\plugins\autoptimize\classes\autoptimizeBase.php on line 680
[07-Nov-2024 10:29:00 UTC] PHP Warning:  file_get_contents(D:\laragon\www\alba/wp-content/themes/alba_theme./style.css): Failed to open stream: Permission denied in D:\laragon\www\alba\wp-content\plugins\autoptimize\classes\autoptimizeBase.php on line 680
[07-Nov-2024 10:29:09 UTC] PHP Warning:  file_get_contents(D:\laragon\www\alba/wp-content/themes/alba_theme./style.css): Failed to open stream: Permission denied in D:\laragon\www\alba\wp-content\plugins\autoptimize\classes\autoptimizeBase.php on line 680
[07-Nov-2024 10:29:48 UTC] PHP Warning:  file_get_contents(D:\laragon\www\alba/wp-content/themes/alba_theme./style.css): Failed to open stream: Permission denied in D:\laragon\www\alba\wp-content\plugins\autoptimize\classes\autoptimizeBase.php on line 680
[07-Nov-2024 10:29:50 UTC] PHP Warning:  file_get_contents(D:\laragon\www\alba/wp-content/themes/alba_theme./style.css): Failed to open stream: Permission denied in D:\laragon\www\alba\wp-content\plugins\autoptimize\classes\autoptimizeBase.php on line 680
[07-Nov-2024 10:29:58 UTC] PHP Warning:  file_get_contents(D:\laragon\www\alba/wp-content/themes/alba_theme./style.css): Failed to open stream: Permission denied in D:\laragon\www\alba\wp-content\plugins\autoptimize\classes\autoptimizeBase.php on line 680
[07-Nov-2024 10:30:00 UTC] PHP Warning:  file_get_contents(D:\laragon\www\alba/wp-content/themes/alba_theme./style.css): Failed to open stream: Permission denied in D:\laragon\www\alba\wp-content\plugins\autoptimize\classes\autoptimizeBase.php on line 680
[07-Nov-2024 10:30:04 UTC] PHP Warning:  file_get_contents(D:\laragon\www\alba/wp-content/themes/alba_theme./style.css): Failed to open stream: Permission denied in D:\laragon\www\alba\wp-content\plugins\autoptimize\classes\autoptimizeBase.php on line 680
[07-Nov-2024 10:30:11 UTC] PHP Warning:  file_get_contents(D:\laragon\www\alba/wp-content/themes/alba_theme./style.css): Failed to open stream: Permission denied in D:\laragon\www\alba\wp-content\plugins\autoptimize\classes\autoptimizeBase.php on line 680
[07-Nov-2024 10:31:37 UTC] PHP Warning:  file_get_contents(D:\laragon\www\alba/wp-content/themes/alba_theme./style.css): Failed to open stream: Permission denied in D:\laragon\www\alba\wp-content\plugins\autoptimize\classes\autoptimizeBase.php on line 680
[07-Nov-2024 10:32:35 UTC] PHP Warning:  file_get_contents(D:\laragon\www\alba/wp-content/themes/alba_theme./style.css): Failed to open stream: Permission denied in D:\laragon\www\alba\wp-content\plugins\autoptimize\classes\autoptimizeBase.php on line 680
[07-Nov-2024 10:32:45 UTC] PHP Warning:  file_get_contents(D:\laragon\www\alba/wp-content/themes/alba_theme./style.css): Failed to open stream: Permission denied in D:\laragon\www\alba\wp-content\plugins\autoptimize\classes\autoptimizeBase.php on line 680
[07-Nov-2024 10:32:47 UTC] PHP Warning:  file_get_contents(D:\laragon\www\alba/wp-content/themes/alba_theme./style.css): Failed to open stream: Permission denied in D:\laragon\www\alba\wp-content\plugins\autoptimize\classes\autoptimizeBase.php on line 680
[07-Nov-2024 10:33:04 UTC] PHP Warning:  file_get_contents(D:\laragon\www\alba/wp-content/themes/alba_theme./style.css): Failed to open stream: Permission denied in D:\laragon\www\alba\wp-content\plugins\autoptimize\classes\autoptimizeBase.php on line 680
[07-Nov-2024 10:33:05 UTC] PHP Warning:  file_get_contents(D:\laragon\www\alba/wp-content/themes/alba_theme./style.css): Failed to open stream: Permission denied in D:\laragon\www\alba\wp-content\plugins\autoptimize\classes\autoptimizeBase.php on line 680
[09-Jan-2025 13:24:22 UTC] PHP Fatal error:  Uncaught TypeError: call_user_func_array(): Argument #1 ($callback) must be a valid callback, function "sports_team_admin_scripts" not found or invalid function name in D:\laragon\www\alba\wp-includes\class-wp-hook.php:324
Stack trace:
#0 D:\laragon\www\alba\wp-includes\class-wp-hook.php(348): WP_Hook->apply_filters(NULL, Array)
#1 D:\laragon\www\alba\wp-includes\plugin.php(517): WP_Hook->do_action(Array)
#2 D:\laragon\www\alba\wp-admin\admin-header.php(118): do_action('admin_enqueue_s...', 'edit.php')
#3 D:\laragon\www\alba\wp-admin\edit.php(411): require_once('D:\\laragon\\www\\...')
#4 {main}
  thrown in D:\laragon\www\alba\wp-includes\class-wp-hook.php on line 324
[09-Jan-2025 13:32:58 UTC] PHP Fatal error:  Cannot redeclare sports_team_admin_scripts() (previously declared in D:\laragon\www\alba\wp-content\plugins\old_members_plugin.php:97) in D:\laragon\www\alba\wp-content\plugins\sports-club-teams.php on line 250
[09-Jan-2025 13:34:48 UTC] PHP Fatal error:  Cannot redeclare sports_team_admin_scripts() (previously declared in D:\laragon\www\alba\wp-content\plugins\old_members_plugin.php:97) in D:\laragon\www\alba\wp-content\plugins\sports-club-teams.php on line 250
[09-Jan-2025 13:36:49 UTC] PHP Fatal error:  Cannot redeclare sports_team_admin_scripts() (previously declared in D:\laragon\www\alba\wp-content\plugins\old_members_plugin.php:97) in D:\laragon\www\alba\wp-content\plugins\sports-club-teams.php on line 250
[09-Jan-2025 13:38:11 UTC] PHP Fatal error:  Cannot redeclare sports_team_admin_scripts() (previously declared in D:\laragon\www\alba\wp-content\plugins\old_members_plugin.php:97) in D:\laragon\www\alba\wp-content\plugins\sports-club-teams.php on line 250
[09-Jan-2025 13:38:21 UTC] PHP Fatal error:  Cannot redeclare sports_team_admin_scripts() (previously declared in D:\laragon\www\alba\wp-content\plugins\old_members_plugin.php:97) in D:\laragon\www\alba\wp-content\plugins\sports-club-teams.php on line 250
[09-Jan-2025 13:38:30 UTC] PHP Fatal error:  Cannot redeclare sports_team_admin_scripts() (previously declared in D:\laragon\www\alba\wp-content\plugins\old_members_plugin.php:97) in D:\laragon\www\alba\wp-content\plugins\sports-club-teams.php on line 250
[09-Jan-2025 13:38:40 UTC] PHP Fatal error:  Cannot redeclare sports_team_admin_scripts() (previously declared in D:\laragon\www\alba\wp-content\plugins\old_members_plugin.php:97) in D:\laragon\www\alba\wp-content\plugins\sports-club-teams.php on line 250
[09-Jan-2025 13:38:51 UTC] PHP Fatal error:  Cannot redeclare sports_team_admin_scripts() (previously declared in D:\laragon\www\alba\wp-content\plugins\old_members_plugin.php:97) in D:\laragon\www\alba\wp-content\plugins\sports-club-teams.php on line 250
[09-Jan-2025 13:38:51 UTC] PHP Fatal error:  Cannot redeclare sports_team_admin_scripts() (previously declared in D:\laragon\www\alba\wp-content\plugins\old_members_plugin.php:97) in D:\laragon\www\alba\wp-content\plugins\sports-club-teams.php on line 250
[09-Jan-2025 13:38:52 UTC] PHP Fatal error:  Cannot redeclare sports_team_admin_scripts() (previously declared in D:\laragon\www\alba\wp-content\plugins\old_members_plugin.php:97) in D:\laragon\www\alba\wp-content\plugins\sports-club-teams.php on line 250
[09-Jan-2025 13:38:56 UTC] PHP Fatal error:  Cannot redeclare sports_team_admin_scripts() (previously declared in D:\laragon\www\alba\wp-content\plugins\old_members_plugin.php:97) in D:\laragon\www\alba\wp-content\plugins\sports-club-teams.php on line 250
[09-Jan-2025 13:38:57 UTC] PHP Fatal error:  Cannot redeclare sports_team_admin_scripts() (previously declared in D:\laragon\www\alba\wp-content\plugins\old_members_plugin.php:97) in D:\laragon\www\alba\wp-content\plugins\sports-club-teams.php on line 250
[09-Jan-2025 13:40:05 UTC] PHP Fatal error:  Cannot redeclare sports_team_admin_scripts() (previously declared in D:\laragon\www\alba\wp-content\plugins\old_members_plugin.php:97) in D:\laragon\www\alba\wp-content\plugins\sports-club-teams.php on line 250
[09-Jan-2025 13:40:05 UTC] PHP Fatal error:  Cannot redeclare sports_team_admin_scripts() (previously declared in D:\laragon\www\alba\wp-content\plugins\old_members_plugin.php:97) in D:\laragon\www\alba\wp-content\plugins\sports-club-teams.php on line 250
[09-Jan-2025 13:40:06 UTC] PHP Fatal error:  Cannot redeclare sports_team_admin_scripts() (previously declared in D:\laragon\www\alba\wp-content\plugins\old_members_plugin.php:97) in D:\laragon\www\alba\wp-content\plugins\sports-club-teams.php on line 250
[09-Jan-2025 13:40:07 UTC] PHP Fatal error:  Cannot redeclare sports_team_admin_scripts() (previously declared in D:\laragon\www\alba\wp-content\plugins\old_members_plugin.php:97) in D:\laragon\www\alba\wp-content\plugins\sports-club-teams.php on line 250
[09-Jan-2025 13:40:07 UTC] PHP Fatal error:  Cannot redeclare sports_team_admin_scripts() (previously declared in D:\laragon\www\alba\wp-content\plugins\old_members_plugin.php:97) in D:\laragon\www\alba\wp-content\plugins\sports-club-teams.php on line 250
[09-Jan-2025 13:40:08 UTC] PHP Fatal error:  Cannot redeclare sports_team_admin_scripts() (previously declared in D:\laragon\www\alba\wp-content\plugins\old_members_plugin.php:97) in D:\laragon\www\alba\wp-content\plugins\sports-club-teams.php on line 250
[09-Jan-2025 13:40:13 UTC] PHP Fatal error:  Cannot redeclare sports_team_admin_scripts() (previously declared in D:\laragon\www\alba\wp-content\plugins\old_members_plugin.php:97) in D:\laragon\www\alba\wp-content\plugins\sports-club-teams.php on line 250
[09-Jan-2025 13:40:13 UTC] PHP Fatal error:  Cannot redeclare sports_team_admin_scripts() (previously declared in D:\laragon\www\alba\wp-content\plugins\old_members_plugin.php:97) in D:\laragon\www\alba\wp-content\plugins\sports-club-teams.php on line 250
[09-Jan-2025 13:43:33 UTC] PHP Fatal error:  Cannot redeclare set_default_sports_team_query_ordering() (previously declared in D:\laragon\www\alba\wp-content\plugins\old_members_plugin.php:146) in D:\laragon\www\alba\wp-content\plugins\sports-club-teams.php on line 346
[09-Jan-2025 13:43:46 UTC] PHP Fatal error:  Cannot redeclare set_default_sports_team_query_ordering() (previously declared in D:\laragon\www\alba\wp-content\plugins\old_members_plugin.php:146) in D:\laragon\www\alba\wp-content\plugins\sports-club-teams.php on line 346
[09-Jan-2025 13:43:47 UTC] PHP Fatal error:  Cannot redeclare set_default_sports_team_query_ordering() (previously declared in D:\laragon\www\alba\wp-content\plugins\old_members_plugin.php:146) in D:\laragon\www\alba\wp-content\plugins\sports-club-teams.php on line 346
[09-Jan-2025 13:43:47 UTC] PHP Fatal error:  Cannot redeclare set_default_sports_team_query_ordering() (previously declared in D:\laragon\www\alba\wp-content\plugins\old_members_plugin.php:146) in D:\laragon\www\alba\wp-content\plugins\sports-club-teams.php on line 346
[09-Jan-2025 13:49:01 UTC] manage_office_member_posts_columns hook triggered.
[09-Jan-2025 13:50:27 UTC] manage_office_member_posts_columns hook triggered.
[09-Jan-2025 13:50:35 UTC] manage_office_member_posts_columns hook triggered.
[09-Jan-2025 13:50:58 UTC] manage_office_member_posts_columns hook triggered.
[09-Jan-2025 13:51:26 UTC] manage_office_member_posts_columns hook triggered.
[09-Jan-2025 13:51:32 UTC] manage_office_member_posts_columns hook triggered.
[09-Jan-2025 13:57:02 UTC] manage_office_member_posts_columns hook triggered.
[09-Jan-2025 13:57:27 UTC] manage_office_member_posts_columns hook triggered.
[09-Jan-2025 14:14:33 UTC] PHP Fatal error:  Uncaught TypeError: call_user_func_array(): Argument #1 ($callback) must be a valid callback, function "set_default_office_member_query_ordering" not found or invalid function name in D:\laragon\www\alba\wp-includes\class-wp-hook.php:324
Stack trace:
#0 D:\laragon\www\alba\wp-includes\class-wp-hook.php(348): WP_Hook->apply_filters('', Array)
#1 D:\laragon\www\alba\wp-includes\plugin.php(565): WP_Hook->do_action(Array)
#2 D:\laragon\www\alba\wp-includes\class-wp-query.php(1881): do_action_ref_array('pre_get_posts', Array)
#3 D:\laragon\www\alba\wp-includes\class-wp-query.php(3852): WP_Query->get_posts()
#4 D:\laragon\www\alba\wp-includes\class-wp.php(696): WP_Query->query(Array)
#5 D:\laragon\www\alba\wp-includes\class-wp.php(816): WP->query_posts()
#6 D:\laragon\www\alba\wp-includes\functions.php(1336): WP->main(Array)
#7 D:\laragon\www\alba\wp-admin\includes\post.php(1306): wp(Array)
#8 D:\laragon\www\alba\wp-admin\includes\class-wp-posts-list-table.php(165): wp_edit_posts_query()
#9 D:\laragon\www\alba\wp-admin\edit.php(235): WP_Posts_List_Table->prepare_items()
#10 {main}
  thrown in D:\laragon\www\alba\wp-includes\class-wp-hook.php on line 324
[09-Jan-2025 14:14:33 UTC] PHP Fatal error:  Uncaught TypeError: call_user_func_array(): Argument #1 ($callback) must be a valid callback, function "set_default_office_member_query_ordering" not found or invalid function name in D:\laragon\www\alba\wp-includes\class-wp-hook.php:324
Stack trace:
#0 D:\laragon\www\alba\wp-includes\class-wp-hook.php(348): WP_Hook->apply_filters('', Array)
#1 D:\laragon\www\alba\wp-includes\plugin.php(565): WP_Hook->do_action(Array)
#2 D:\laragon\www\alba\wp-includes\class-wp-query.php(1881): do_action_ref_array('pre_get_posts', Array)
#3 D:\laragon\www\alba\wp-includes\class-wp-query.php(3852): WP_Query->get_posts()
#4 D:\laragon\www\alba\wp-includes\class-wp.php(696): WP_Query->query(Array)
#5 D:\laragon\www\alba\wp-includes\class-wp.php(816): WP->query_posts()
#6 D:\laragon\www\alba\wp-includes\functions.php(1336): WP->main('')
#7 D:\laragon\www\alba\wp-blog-header.php(16): wp()
#8 D:\laragon\www\alba\index.php(17): require('D:\\laragon\\www\\...')
#9 {main}
  thrown in D:\laragon\www\alba\wp-includes\class-wp-hook.php on line 324
[09-Jan-2025 14:20:57 UTC] PHP Warning:  foreach() argument must be of type array|object, string given in D:\laragon\www\alba\wp-includes\class-wp-post-type.php on line 665
[09-Jan-2025 14:21:03 UTC] PHP Warning:  foreach() argument must be of type array|object, string given in D:\laragon\www\alba\wp-includes\class-wp-post-type.php on line 665
[09-Jan-2025 14:21:04 UTC] PHP Warning:  foreach() argument must be of type array|object, string given in D:\laragon\www\alba\wp-includes\class-wp-post-type.php on line 665
[09-Jan-2025 14:21:04 UTC] PHP Warning:  foreach() argument must be of type array|object, string given in D:\laragon\www\alba\wp-includes\class-wp-post-type.php on line 665
[09-Jan-2025 14:21:06 UTC] PHP Warning:  foreach() argument must be of type array|object, string given in D:\laragon\www\alba\wp-includes\class-wp-post-type.php on line 665
[09-Jan-2025 14:21:07 UTC] PHP Warning:  foreach() argument must be of type array|object, string given in D:\laragon\www\alba\wp-includes\class-wp-post-type.php on line 665
[09-Jan-2025 14:21:07 UTC] PHP Warning:  foreach() argument must be of type array|object, string given in D:\laragon\www\alba\wp-includes\class-wp-post-type.php on line 665
[09-Jan-2025 14:21:08 UTC] PHP Warning:  foreach() argument must be of type array|object, string given in D:\laragon\www\alba\wp-includes\class-wp-post-type.php on line 665
[09-Jan-2025 14:21:09 UTC] PHP Warning:  foreach() argument must be of type array|object, string given in D:\laragon\www\alba\wp-includes\class-wp-post-type.php on line 665
[09-Jan-2025 14:58:52 UTC] PHP Warning:  Undefined array key "id" in D:\laragon\www\alba\wp-content\themes\alba_theme\allBureaux.php on line 47
[09-Jan-2025 15:53:33 UTC] PHP Warning:  Attempt to read property "name" on array in D:\laragon\www\alba\wp-content\plugins\old_members_plugin.php on line 209
[09-Jan-2025 15:53:33 UTC] PHP Warning:  Attempt to read property "name" on array in D:\laragon\www\alba\wp-content\plugins\old_members_plugin.php on line 209
[09-Jan-2025 15:53:33 UTC] PHP Warning:  Attempt to read property "name" on array in D:\laragon\www\alba\wp-content\plugins\old_members_plugin.php on line 209
[09-Jan-2025 15:53:33 UTC] PHP Warning:  Attempt to read property "name" on array in D:\laragon\www\alba\wp-content\plugins\old_members_plugin.php on line 209
[09-Jan-2025 15:53:33 UTC] PHP Warning:  Attempt to read property "name" on array in D:\laragon\www\alba\wp-content\plugins\old_members_plugin.php on line 209
[09-Jan-2025 15:53:33 UTC] PHP Warning:  Attempt to read property "name" on array in D:\laragon\www\alba\wp-content\plugins\old_members_plugin.php on line 209
[09-Jan-2025 15:53:33 UTC] PHP Warning:  Attempt to read property "name" on array in D:\laragon\www\alba\wp-content\plugins\old_members_plugin.php on line 209
[09-Jan-2025 15:53:33 UTC] PHP Warning:  Attempt to read property "name" on array in D:\laragon\www\alba\wp-content\plugins\old_members_plugin.php on line 209
[09-Jan-2025 15:53:33 UTC] PHP Warning:  Attempt to read property "name" on array in D:\laragon\www\alba\wp-content\plugins\old_members_plugin.php on line 209
[09-Jan-2025 15:53:33 UTC] PHP Warning:  Attempt to read property "name" on array in D:\laragon\www\alba\wp-content\plugins\old_members_plugin.php on line 209
[09-Jan-2025 15:53:33 UTC] PHP Warning:  Attempt to read property "name" on array in D:\laragon\www\alba\wp-content\plugins\old_members_plugin.php on line 209
[09-Jan-2025 15:53:33 UTC] PHP Warning:  Attempt to read property "name" on array in D:\laragon\www\alba\wp-content\plugins\old_members_plugin.php on line 209
[09-Jan-2025 15:53:33 UTC] PHP Warning:  Attempt to read property "name" on array in D:\laragon\www\alba\wp-content\plugins\old_members_plugin.php on line 209
[09-Jan-2025 15:53:33 UTC] PHP Warning:  Attempt to read property "name" on array in D:\laragon\www\alba\wp-content\plugins\old_members_plugin.php on line 209
[09-Jan-2025 15:53:33 UTC] PHP Warning:  Attempt to read property "name" on array in D:\laragon\www\alba\wp-content\plugins\old_members_plugin.php on line 209
[09-Jan-2025 15:53:33 UTC] PHP Warning:  Attempt to read property "name" on array in D:\laragon\www\alba\wp-content\plugins\old_members_plugin.php on line 209
[09-Jan-2025 15:53:38 UTC] PHP Warning:  Attempt to read property "term_id" on array in D:\laragon\www\alba\wp-content\plugins\old_members_plugin.php on line 85
[09-Jan-2025 15:53:38 UTC] PHP Fatal error:  Uncaught TypeError: in_array(): Argument #2 ($haystack) must be of type array, WP_Error given in D:\laragon\www\alba\wp-content\plugins\old_members_plugin.php:85
Stack trace:
#0 D:\laragon\www\alba\wp-content\plugins\old_members_plugin.php(85): in_array(NULL, Object(WP_Error))
#1 D:\laragon\www\alba\wp-admin\includes\template.php(1456): render_years_meta_box(Object(WP_Post), Array)
#2 D:\laragon\www\alba\wp-admin\edit-form-advanced.php(715): do_meta_boxes(Object(WP_Screen), 'side', Object(WP_Post))
#3 D:\laragon\www\alba\wp-admin\post-new.php(75): require('D:\\laragon\\www\\...')
#4 {main}
  thrown in D:\laragon\www\alba\wp-content\plugins\old_members_plugin.php on line 85
